::1 - - [12/Jun/2026 21:08:39] "GET /dashboard.js HTTP/1.1" 200 -
::1 - - [13/Jun/2026 07:22:09] "GET /dashboard.html HTTP/1.1" 200 -
::1 - - [13/Jun/2026 07:22:09] "GET /style.css HTTP/1.1" 200 -
::1 - - [13/Jun/2026 07:22:09] "GET /dashboard.css HTTP/1.1" 200 -
::1 - - [13/Jun/2026 07:22:09] "GET /dashboard.js?v=2.1 HTTP/1.1" 200 -
::1 - - [13/Jun/2026 07:22:09] "GET /assets/logo.webp HTTP/1.1" 200 -
::1 - - [13/Jun/2026 07:22:09] "GET /firebase-config.js HTTP/1.1" 200 -
::1 - - [13/Jun/2026 07:22:10] "GET /assets/favicon-32x32.png HTTP/1.1" 200 -
::1 - - [13/Jun/2026 07:22:10] "GET /favicon.ico HTTP/1.1" 200 -
::1 - - [13/Jun/2026 07:26:40] "GET /dashboard.html HTTP/1.1" 200 -
::1 - - [13/Jun/2026 07:26:40] "GET /style.css HTTP/1.1" 200 -
::1 - - [13/Jun/2026 07:26:40] "GET /dashboard.css HTTP/1.1" 200 -
::1 - - [13/Jun/2026 07:26:40] "GET /dashboard.js?v=2.1 HTTP/1.1" 200 -
::1 - - [13/Jun/2026 07:26:40] "GET /assets/logo.webp HTTP/1.1" 200 -
::1 - - [13/Jun/2026 07:26:41] "GET /assets/logo.webp HTTP/1.1" 200 -
::1 - - [13/Jun/2026 07:26:41] "GET /dashboard.js?v=2.1 HTTP/1.1" 200 -
::1 - - [13/Jun/2026 07:26:41] "GET /firebase-config.js HTTP/1.1" 200 -
::1 - - [13/Jun/2026 07:32:59] "GET /dashboard.html HTTP/1.1" 200 -
::1 - - [13/Jun/2026 07:32:59] "GET /style.css HTTP/1.1" 200 -
::1 - - [13/Jun/2026 07:32:59] "GET /dashboard.css HTTP/1.1" 200 -
::1 - - [13/Jun/2026 07:32:59] "GET /dashboard.js?v=2.2 HTTP/1.1" 200 -
::1 - - [13/Jun/2026 07:32:59] "GET /assets/logo.webp HTTP/1.1" 200 -
::1 - - [13/Jun/2026 07:33:00] "GET /assets/logo.webp HTTP/1.1" 200 -
::1 - - [13/Jun/2026 07:33:00] "GET /dashboard.js?v=2.2 HTTP/1.1" 200 -
::1 - - [13/Jun/2026 07:33:00] "GET /firebase-config.js HTTP/1.1" 200 -
::1 - - [13/Jun/2026 07:37:45] "GET /dashboard.html HTTP/1.1" 200 -
::1 - - [13/Jun/2026 07:37:45] "GET /style.css HTTP/1.1" 200 -
::1 - - [13/Jun/2026 07:37:45] "GET /dashboard.css?v=2.3 HTTP/1.1" 200 -
::1 - - [13/Jun/2026 07:37:45] "GET /dashboard.js?v=2.3 HTTP/1.1" 200 -
::1 - - [13/Jun/2026 07:37:45] "GET /assets/logo.webp HTTP/1.1" 200 -
::1 - - [13/Jun/2026 07:37:45] "GET /assets/logo.webp HTTP/1.1" 200 -
::1 - - [13/Jun/2026 07:37:45] "GET /dashboard.js?v=2.3 HTTP/1.1" 200 -
::1 - - [13/Jun/2026 07:37:45] "GET /firebase-config.js HTTP/1.1" 200 -
::1 - - [13/Jun/2026 07:41:27] "GET /dashboard.html HTTP/1.1" 200 -
::1 - - [13/Jun/2026 07:41:27] "GET /dashboard.css?v=2.4 HTTP/1.1" 200 -
::1 - - [13/Jun/2026 07:41:27] "GET /style.css HTTP/1.1" 200 -
::1 - - [13/Jun/2026 07:41:27] "GET /dashboard.js?v=2.4 HTTP/1.1" 200 -
::1 - - [13/Jun/2026 07:41:27] "GET /assets/logo.webp HTTP/1.1" 200 -
::1 - - [13/Jun/2026 07:41:28] "GET /assets/logo.webp HTTP/1.1" 200 -
::1 - - [13/Jun/2026 07:41:28] "GET /dashboard.js?v=2.4 HTTP/1.1" 200 -
::1 - - [13/Jun/2026 07:41:28] "GET /firebase-config.js HTTP/1.1" 200 -
::1 - - [13/Jun/2026 07:46:48] "GET /dashboard.html HTTP/1.1" 200 -
::1 - - [13/Jun/2026 07:46:48] "GET /style.css HTTP/1.1" 200 -
::1 - - [13/Jun/2026 07:46:48] "GET /dashboard.css?v=2.5 HTTP/1.1" 200 -
::1 - - [13/Jun/2026 07:46:48] "GET /dashboard.js?v=2.5 HTTP/1.1" 200 -
::1 - - [13/Jun/2026 07:46:48] "GET /assets/logo.webp HTTP/1.1" 200 -
::1 - - [13/Jun/2026 07:46:48] "GET /assets/logo.webp HTTP/1.1" 200 -
::1 - - [13/Jun/2026 07:46:48] "GET /dashboard.js?v=2.5 HTTP/1.1" 200 -
::1 - - [13/Jun/2026 07:46:48] "GET /firebase-config.js HTTP/1.1" 200 -
::1 - - [13/Jun/2026 07:50:46] "GET /dashboard.html HTTP/1.1" 200 -
::1 - - [13/Jun/2026 07:50:46] "GET /style.css HTTP/1.1" 200 -
::1 - - [13/Jun/2026 07:50:46] "GET /dashboard.css?v=2.6 HTTP/1.1" 200 -
::1 - - [13/Jun/2026 07:50:46] "GET /dashboard.js?v=2.6 HTTP/1.1" 200 -
::1 - - [13/Jun/2026 07:50:46] "GET /assets/logo.webp HTTP/1.1" 200 -
::1 - - [13/Jun/2026 07:50:46] "GET /assets/logo.webp HTTP/1.1" 200 -
::1 - - [13/Jun/2026 07:50:46] "GET /dashboard.js?v=2.6 HTTP/1.1" 200 -
::1 - - [13/Jun/2026 07:50:46] "GET /firebase-config.js HTTP/1.1" 200 -
::1 - - [13/Jun/2026 07:56:55] "GET /dashboard.html HTTP/1.1" 200 -
::1 - - [13/Jun/2026 07:56:55] "GET /style.css HTTP/1.1" 200 -
::1 - - [13/Jun/2026 07:56:55] "GET /dashboard.css?v=2.7 HTTP/1.1" 200 -
::1 - - [13/Jun/2026 07:56:55] "GET /dashboard.js?v=2.7 HTTP/1.1" 200 -
::1 - - [13/Jun/2026 07:56:55] "GET /assets/logo.webp HTTP/1.1" 200 -
::1 - - [13/Jun/2026 07:56:55] "GET /assets/logo.webp HTTP/1.1" 200 -
::1 - - [13/Jun/2026 07:56:55] "GET /dashboard.js?v=2.7 HTTP/1.1" 200 -
::1 - - [13/Jun/2026 07:56:55] "GET /firebase-config.js HTTP/1.1" 200 -
::1 - - [13/Jun/2026 08:02:56] "GET /dashboard.html HTTP/1.1" 200 -
::1 - - [13/Jun/2026 08:02:56] "GET /style.css HTTP/1.1" 200 -
::1 - - [13/Jun/2026 08:02:56] "GET /dashboard.css?v=2.8 HTTP/1.1" 200 -
::1 - - [13/Jun/2026 08:02:56] "GET /dashboard.js?v=2.8 HTTP/1.1" 200 -
::1 - - [13/Jun/2026 08:02:56] "GET /assets/logo.webp HTTP/1.1" 200 -
::1 - - [13/Jun/2026 08:02:56] "GET /assets/logo.webp HTTP/1.1" 200 -
::1 - - [13/Jun/2026 08:02:56] "GET /dashboard.js?v=2.8 HTTP/1.1" 200 -
::1 - - [13/Jun/2026 08:02:56] "GET /firebase-config.js HTTP/1.1" 200 -
::1 - - [13/Jun/2026 08:13:05] "GET /dashboard.html HTTP/1.1" 200 -
::1 - - [13/Jun/2026 08:13:05] "GET /dashboard.css?v=2.9 HTTP/1.1" 200 -
::1 - - [13/Jun/2026 08:13:05] "GET /style.css HTTP/1.1" 200 -
::1 - - [13/Jun/2026 08:13:05] "GET /dashboard.js?v=2.9 HTTP/1.1" 200 -
::1 - - [13/Jun/2026 08:13:05] "GET /assets/logo.webp HTTP/1.1" 200 -
::1 - - [13/Jun/2026 08:13:06] "GET /assets/logo.webp HTTP/1.1" 200 -
::1 - - [13/Jun/2026 08:13:06] "GET /dashboard.js?v=2.9 HTTP/1.1" 200 -
::1 - - [13/Jun/2026 08:13:06] "GET /firebase-config.js HTTP/1.1" 200 -
::1 - - [13/Jun/2026 08:17:05] "GET /dashboard.html HTTP/1.1" 200 -
::1 - - [13/Jun/2026 08:17:05] "GET /dashboard.css?v=3.0 HTTP/1.1" 200 -
::1 - - [13/Jun/2026 08:17:05] "GET /dashboard.js?v=3.0 HTTP/1.1" 200 -
::1 - - [14/Jun/2026 08:35:47] "HEAD /dashboard.html HTTP/1.1" 200 -
::1 - - [14/Jun/2026 08:35:47] "HEAD /dashboard.js HTTP/1.1" 200 -
::1 - - [14/Jun/2026 10:40:52] "GET /dashboard.html HTTP/1.1" 200 -
::1 - - [14/Jun/2026 10:40:52] "GET /firebase-config.js HTTP/1.1" 304 -
::1 - - [14/Jun/2026 10:40:52] "GET /dashboard.css HTTP/1.1" 200 -
::1 - - [14/Jun/2026 10:40:52] "GET /dashboard.js?v=2.1 HTTP/1.1" 200 -
::1 - - [14/Jun/2026 10:40:52] "GET /assets/favicon-32x32.png HTTP/1.1" 304 -
::1 - - [14/Jun/2026 10:40:52] "GET /favicon.ico HTTP/1.1" 304 -
::1 - - [14/Jun/2026 10:40:52] "GET /dashboard.css?v=3.5 HTTP/1.1" 200 -
::1 - - [14/Jun/2026 10:40:52] "GET /dashboard.js?v=3.5 HTTP/1.1" 200 -
